[dotenv@17.2.3] injecting env (3) from .env -- tip: ­ƒöÉ encrypt with Dotenvx: https://dotenvx.com
[dotenv@17.2.3] injecting env (0) from .env -- tip: ­ƒöÉ prevent committing .env to code: https://dotenvx.com/precommit
node : node:internal/m
odules/cjs/loader:1424
Au caractère Ligne:1 
: 1
+ node index.js 2>&1 
| Out-File -Encoding 
utf8 error_log.txt
+ ~~~~~~~~~~~~~~~~~~
    + CategoryInfo    
          : NotSpeci  
  fied: (node:inter   
 nal/modules/cjs/l    
oader:1424:String    
) [], RemoteExcep    
tion
    + FullyQualifiedE 
   rrorId : NativeCo  
  mmandError
 
  throw err;
  ^

Error: Cannot find 
module 'multer'
Require stack:
- C:\Users\ADN\Desktop
\projet 
oncle\server\index.js
    at Module._resolve
Filename (node:interna
l/modules/cjs/loader:1
421:15)
    at 
defaultResolveImpl (no
de:internal/modules/cj
s/loader:1059:19)
    at resolveForCJSWi
thHooks (node:internal
/modules/cjs/loader:10
64:22)
    at Module._load (n
ode:internal/modules/c
js/loader:1227:37)
    at TracingChannel.
traceSync (node:diagno
stics_channel:328:14)
    at wrapModuleLoad 
(node:internal/modules
/cjs/loader:245:24)
    at Module.require 
(node:internal/modules
/cjs/loader:1504:12)
    at require (node:i
nternal/modules/helper
s:152:16)
    at 
Object.<anonymous> (C:
\Users\ADN\Desktop\pro
jet oncle\server\index
.js:7:16)
    at 
Module._compile (node:
internal/modules/cjs/l
oader:1761:14) {
  code: 
'MODULE_NOT_FOUND',
  requireStack: [ 'C:\
\Users\\ADN\\Desktop\\
projet oncle\\server\\
index.js' ]
}

Node.js v24.13.0
